2026-08-06 09:00:01 INFO Application Started
2026-08-06 09:00:05 INFO Configuration Loaded
2026-08-06 09:00:10 INFO Database Connection Established
2026-08-06 09:00:15 INFO User Login Successful
2026-08-06 09:01:02 INFO API Request Received
2026-08-06 09:01:10 WARNING CPU Usage 82%
2026-08-06 09:01:20 INFO Cache Refreshed
2026-08-06 09:01:35 ERROR Redis Connection Timeout
2026-08-06 09:01:50 INFO Retrying Redis Connection
2026-08-06 09:02:01 INFO Redis Connection Restored
2026-08-06 09:02:15 INFO User Logout Successful
2026-08-06 09:02:25 INFO Background Job Started
2026-08-06 09:02:40 INFO Background Job Completed
2026-08-06 09:03:05 WARNING Disk Usage 81%
2026-08-06 09:03:20 INFO API Request Received
2026-08-06 09:03:35 INFO API Response Sent
2026-08-06 09:03:50 INFO User Login Successful
2026-08-06 09:04:05 ERROR Database Connection Lost
2026-08-06 09:04:15 INFO Reconnecting Database
2026-08-06 09:04:30 INFO Database Connected
2026-08-06 09:04:50 INFO Scheduled Backup Started
2026-08-06 09:05:05 INFO Scheduled Backup Completed
2026-08-06 09:05:20 WARNING Memory Usage 88%
2026-08-06 09:05:35 INFO User Login Successful
2026-08-06 09:05:50 INFO API Request Received
2026-08-06 09:06:05 INFO API Response Sent
2026-08-06 09:06:20 INFO Session Created
2026-08-06 09:06:35 INFO Session Closed
2026-08-06 09:06:50 ERROR Kafka Broker Unreachable
2026-08-06 09:07:05 INFO Kafka Retry Initiated
2026-08-06 09:07:20 INFO Kafka Connection Restored
2026-08-06 09:07:35 INFO Metrics Collected
2026-08-06 09:07:50 WARNING API Response Slow
2026-08-06 09:08:05 INFO User Login Successful
2026-08-06 09:08:20 INFO API Request Received
2026-08-06 09:08:35 INFO API Response Sent
2026-08-06 09:08:50 INFO Cache Hit
2026-08-06 09:09:05 INFO Cache Miss
2026-08-06 09:09:20 ERROR Authentication Failed
2026-08-06 09:09:35 INFO Authentication Retry
2026-08-06 09:09:50 INFO Authentication Successful
2026-08-06 09:10:05 INFO Monitoring Health Check
2026-08-06 09:10:20 WARNING High Network Latency
2026-08-06 09:10:35 INFO Metrics Uploaded
2026-08-06 09:10:50 INFO Deployment Started
2026-08-06 09:11:05 INFO Deployment Completed
2026-08-06 09:11:20 INFO User Login Successful
2026-08-06 09:11:35 INFO API Request Received
2026-08-06 09:11:50 INFO API Response Sent
2026-08-06 09:12:05 ERROR Elasticsearch Cluster Unavailable
2026-08-06 09:12:20 INFO Elasticsearch Recovery Started
2026-08-06 09:12:35 INFO Elasticsearch Cluster Healthy
2026-08-06 09:12:50 WARNING Pod Restart Detected
2026-08-06 09:13:05 INFO Kubernetes Health Check Passed
2026-08-06 09:13:20 INFO User Logout Successful
2026-08-06 09:13:35 INFO Metrics Collected
2026-08-06 09:13:50 INFO Metrics Uploaded
2026-08-06 09:14:05 ERROR Payment Service Timeout
2026-08-06 09:14:20 INFO Payment Service Retry
2026-08-06 09:14:35 INFO Payment Service Healthy
2026-08-06 09:14:50 INFO API Request Received
2026-08-06 09:15:05 INFO API Response Sent
2026-08-06 09:15:20 WARNING SSL Certificate Expiring Soon
2026-08-06 09:15:35 INFO User Login Successful
2026-08-06 09:15:50 INFO Cache Refreshed
2026-08-06 09:16:05 INFO Backup Verification Successful
2026-08-06 09:16:20 ERROR SMTP Server Unreachable
2026-08-06 09:16:35 INFO SMTP Retry
2026-08-06 09:16:50 INFO SMTP Connection Restored
2026-08-06 09:17:05 INFO Session Created
2026-08-06 09:17:20 INFO Session Closed
2026-08-06 09:17:35 WARNING High Disk IOPS
2026-08-06 09:17:50 INFO API Request Received
2026-08-06 09:18:05 INFO API Response Sent
2026-08-06 09:18:20 ERROR Pod CrashLoopBackOff
2026-08-06 09:18:35 INFO Pod Restart Triggered
2026-08-06 09:18:50 INFO Pod Running
2026-08-06 09:19:05 INFO Health Check Passed
2026-08-06 09:19:20 INFO User Login Successful
2026-08-06 09:19:35 WARNING CPU Usage 90%
2026-08-06 09:19:50 INFO Metrics Uploaded
2026-08-06 09:20:05 ERROR Load Balancer Health Check Failed
2026-08-06 09:20:20 INFO Load Balancer Recovery Started
2026-08-06 09:20:35 INFO Load Balancer Healthy
2026-08-06 09:20:50 INFO User Logout Successful
2026-08-06 09:21:05 INFO API Request Received
2026-08-06 09:21:20 INFO API Response Sent
2026-08-06 09:21:35 INFO Cache Refreshed
2026-08-06 09:21:50 WARNING Memory Usage 85%
2026-08-06 09:22:05 INFO Monitoring Health Check
2026-08-06 09:22:20 INFO Metrics Uploaded
2026-08-06 09:22:35 ERROR RabbitMQ Queue Overflow
2026-08-06 09:22:50 INFO Queue Cleanup Started
2026-08-06 09:23:05 INFO Queue Healthy
2026-08-06 09:23:20 INFO Deployment Started
2026-08-06 09:23:35 INFO Deployment Successful
2026-08-06 09:23:50 INFO Application Running Normally
